3
Hello
false
[3, 2]
Car{wheels=4,doors=1}
Hello World
5
