Honda
has max speed of 200
Toyota
has max speed of 220
Tesla
The model is Tesla. This has max speed of 250

