driving at 200
driving at 150
driving at 200 in 2019
